// Jest Snapshot v1, https://goo.gl/fbAQLP

exports[`Pruebas en componente GifExpertApp Deberia de mostrar el contenido 1`] = `
<Fragment>
  <h2>
    GifExpertApp
  </h2>
  <AddCategory
    setCategories={[Function]}
  />
  <hr />
  <ol />
</Fragment>
`;

exports[`Pruebas en componente GifExpertApp deberia de mostrar una lista de categorias 1`] = `
<Fragment>
  <h2>
    GifExpertApp
  </h2>
  <AddCategory
    setCategories={[Function]}
  />
  <hr />
  <ol>
    <GifGrid
      category="One Punch"
      key="One Punch"
    />
    <GifGrid
      category="Naruto"
      key="Naruto"
    />
  </ol>
</Fragment>
`;
